// Jest Snapshot v1, https://goo.gl/fbAQLP

exports[`test suite Favourite test 1`] = `
<View>
  <RCTScrollView
    ListHeaderComponent={
      <RssHeader
        onBackPress={[Function]}
        showBack={true}
        title="Favourite List"
      />
    }
    data={
      Array [
        "url",
      ]
    }
    getItem={[Function]}
    getItemCount={[Function]}
    keyExtractor={[Function]}
    onContentSizeChange={[Function]}
    onLayout={[Function]}
    onMomentumScrollBegin={[Function]}
    onMomentumScrollEnd={[Function]}
    onScroll={[Function]}
    onScrollBeginDrag={[Function]}
    onScrollEndDrag={[Function]}
    removeClippedSubviews={false}
    renderItem={[Function]}
    scrollEventThrottle={50}
    stickyHeaderIndices={
      Array [
        0,
      ]
    }
    viewabilityConfigCallbackPairs={Array []}
  >
    <View>
      <View
        onLayout={[Function]}
      >
        <View
          style={
            Object {
              "alignItems": "center",
              "backgroundColor": "#fff",
              "flexDirection": "row",
              "justifyContent": "space-between",
              "paddingBottom": 16,
              "paddingHorizontal": 6,
              "paddingTop": 50,
            }
          }
        >
          <Text
            onPress={[Function]}
            style={
              Object {
                "color": "blue",
                "flex": 1,
              }
            }
          >
            BACK
          </Text>
          <Text
            style={
              Object {
                "flex": 4,
                "fontSize": 18,
                "fontWeight": "bold",
                "width": 40,
              }
            }
          >
            Favourite List
          </Text>
          <Text
            style={
              Object {
                "color": "blue",
                "flex": 1,
              }
            }
          />
        </View>
      </View>
      <View
        onLayout={[Function]}
        style={null}
      >
        <View
          accessible={true}
          collapsable={false}
          focusable={true}
          nativeID="animatedComponent"
          onClick={[Function]}
          onResponderGrant={[Function]}
          onResponderMove={[Function]}
          onResponderRelease={[Function]}
          onResponderTerminate={[Function]}
          onResponderTerminationRequest={[Function]}
          onStartShouldSetResponder={[Function]}
          style={
            Object {
              "backgroundColor": "#fff",
              "borderColor": "#C1C1C1",
              "borderWidth": 0.5,
              "marginTop": 20,
              "opacity": 1,
              "padding": 20,
            }
          }
          testID="feed-item"
        >
          <Text
            testID="feed-title"
          >
            url
          </Text>
          <View
            accessibilityRole="button"
            accessible={true}
            collapsable={false}
            focusable={true}
            nativeID="animatedComponent"
            onClick={[Function]}
            onResponderGrant={[Function]}
            onResponderMove={[Function]}
            onResponderRelease={[Function]}
            onResponderTerminate={[Function]}
            onResponderTerminationRequest={[Function]}
            onStartShouldSetResponder={[Function]}
            style={
              Object {
                "opacity": 1,
              }
            }
            testID="favourite-button"
          >
            <View
              style={
                Array [
                  Object {},
                ]
              }
            >
              <Text
                style={
                  Array [
                    Object {
                      "color": "#007AFF",
                      "fontSize": 18,
                      "margin": 8,
                      "textAlign": "center",
                    },
                  ]
                }
              >
                remove from Favourite
              </Text>
            </View>
          </View>
        </View>
      </View>
    </View>
  </RCTScrollView>
</View>
`;
