// Jest Snapshot v1, https://goo.gl/fbAQLP

exports[`Rss Header tests Header test 1`] = `[Function]`;
