// Jest Snapshot v1, https://goo.gl/fbAQLP

exports[`Feed Item tests render feed item and user action tests 1`] = `[Function]`;
